2026-10-02 14:39:22.408 INFO   Freerouting v2.1.0 (build-date: 2025-04-12)
2026-10-02 14:39:22.463 WARN   No default constructor found for field: currentLocale
2026-10-02 14:39:22.464 INFO   Settings were loaded from freerouting.json
2026-10-02 14:39:23.694 INFO   New version available: v2.4.1
2026-10-02 14:39:23.879 INFO   [71D306\5E444A] Job '71D306\5E444A' started at 2026-10-02T18:39:23.878898551Z
2026-10-02 14:39:24.794 INFO   [71D306\5E444A] Auto-router pass #1 on board 'da0db24bf8e01a4dc0ddb4fb2076c3a8' was completed in 0.74 seconds with the score of 888.48 (3 unrouted).
2026-10-02 14:39:24.948 INFO   [71D306\5E444A] Auto-router pass #2 on board 'd6d2a9900724cd38c90ada046be83308' was completed in 0.14 seconds with the score of 928.02 (2 unrouted), using 0.67 CPU seconds and 255 MB memory.
2026-10-02 14:39:25.046 INFO   [71D306\5E444A] Auto-router pass #3 on board '8167aa01e6f48cdea1f588a5025c1453' was completed in 0.08 seconds with the score of 934.02 (2 unrouted), using 0.67 CPU seconds and 255 MB memory.
2026-10-02 14:39:25.368 INFO   [71D306\5E444A] Auto-router pass #4 on board '47d74a5ff00d0fd3ac55666836e707d2' was completed in 0.30 seconds with the score of 933.69 (2 unrouted), using 0.67 CPU seconds and 255 MB memory.
2026-10-02 14:39:25.498 INFO   [71D306\5E444A] Auto-router pass #5 on board '2940951a818656f9378c9f8d7652d1fc' was completed in 0.11 seconds with the score of 925.35 (2 unrouted), using 0.67 CPU seconds and 255 MB memory.
2026-10-02 14:39:25.625 INFO   [71D306\5E444A] Auto-router pass #6 on board '279efadf9c74246bd38e355e4a128966' was completed in 0.10 seconds with the score of 928.68 (2 unrouted), using 0.67 CPU seconds and 255 MB memory.
2026-10-02 14:39:25.753 INFO   [71D306\5E444A] Auto-router pass #7 on board 'df8af8714aa8b2f0ec5f3c9c85b47809' was completed in 0.11 seconds with the score of 957.21 (1 unrouted), using 0.67 CPU seconds and 255 MB memory.
2026-10-02 14:39:25.839 INFO   [71D306\5E444A] Auto-router pass #8 on board '2d8cbce54cb52df6e4a976e4f280d0ec' was completed in 0.07 seconds with the score of 957.37 (1 unrouted), using 0.67 CPU seconds and 255 MB memory.
2026-10-02 14:39:25.900 INFO   [71D306\5E444A] Auto-router pass #9 on board 'c22eb5a2f46908d118cc6e4c94476e26' was completed in 0.05 seconds with the score of 956.96 (1 unrouted), using 2.05 CPU seconds and 686 MB memory.
2026-10-02 14:39:25.939 INFO   [71D306\5E444A] Auto-router pass #10 on board '8b63a09cfe5545fc15b5ea0ed7cef688' was completed in 0.03 seconds with the score of 986.74, using 2.05 CPU seconds and 686 MB memory.
2026-10-02 14:39:25.953 INFO   [71D306\5E444A] Auto-router pass #11 on board '5c646766d74d4f8ae52b6da28936280a' was completed in 0.00 seconds with the score of 986.74, using 2.05 CPU seconds and 686 MB memory.
{
  "host": "KiCad's Pcbnew,9.0.2+dfsg-1",
  "unit": "mm",
  "board": {
    "bounding_box": {
      "x": 1346.59,
      "y": -952.0,
      "width": 903.0,
      "height": -1048.0
    },
    "size": {
      "x": 0.0,
      "y": 0.0,
      "width": 443.59,
      "height": 96.0
    }
  },
  "layers": {
    "total_count": 2,
    "signal_count": 2
  },
  "items": {
    "total_count": 153,
    "trace_count": 37,
    "via_count": 0,
    "conduction_area_count": 0,
    "drill_item_count": 84,
    "pin_count": 0,
    "component_count": 27,
    "other_count": 5
  },
  "components": {
    "total_count": 4
  },
  "pads": {
    "total_count": 84
  },
  "nets": {
    "total_count": 12,
    "class_count": 3
  },
  "connections": {
    "maximum_count": 37,
    "incomplete_count": 0
  },
  "traces": {
    "total_count": 37,
    "total_segment_count": 85,
    "total_length": 1482.1809,
    "total_weighted_length": 1735864.4,
    "average_length": 40.05894,
    "total_vertical_length": 29.877,
    "total_horizontal_length": 835.385,
    "total_angled_length": 343.5243
  },
  "bends": {
    "total_count": 48,
    "90_degree_count": 0,
    "45_degree_count": 47,
    "other_angle_count": 1
  },
  "vias": {
    "total_count": 0,
    "through_hole_count": 0,
    "blind_count": 0,
    "buried_count": 0
  },
  "clearance_violations": {
    "total_count": 0
  }
}
