scan_to_frame {"R": [[0.999800946802814, 0.01995161076697298], [-0.019951610766972976, 0.9998009468028141]], "t": [137.2750129613017, 212.01362185726936], "rms": 0.27784660444905157, "rot_deg": -1.143218946237411, "alt_direct_fit_rms": 0.222}
outline {"x": [-1.8289408746812512, 102.63110912023322], "y": [-9.509660103767075, 166.50740604029508], "w": 104.46004999491447, "h": 176.01706614406214, "corner_r_est": 3.0, "edge_spread_p10_p90": {"L": 0.3880227509048382, "R": 0.3447120516958453, "T": 0.9879860845336452, "B": 0.3519919841757968}}
TR 96.93 146.71 d [0.31, 0.31] 5.49 2.73
TL 4.06 146.6 d [-0.07, -0.16] 5.42 2.6
MR 96.83 77.85 d [0.16, 0.0] 5.45 2.79
ML 3.92 77.91 d [-0.14, -0.06] 5.43 2.83
BR 96.59 18.62 d [0.14, 0.03] 5.5 2.58
BL 3.71 18.67 d [-0.39, -0.12] 5.39 2.84
corner_rings {'id': 'c_TL_scan', 'x': 99.99, 'y': 163.96, 'd': 3.7}
corner_rings {'id': 'c_TR_scan', 'x': 2.45, 'y': 162.62, 'd': 3.7}
corner_rings {'id': 'c_BL_scan', 'x': 98.11, 'y': -6.3, 'd': 3.2}
corner_rings {'id': 'c_BR_scan', 'x': 1.91, 'y': -6.57, 'd': 3.2}
beads {'id': 'top_bead', 'p0': [95.28204701462974, 162.77953088221952], 'p1': [4.406574049527109, 163.06796580006218], 'len': 90.88, 'w': 3.56}
beads {'id': 'bottom_bead', 'p0': [84.59221846586186, -5.015514086963634], 'p1': [6.369259714494689, -4.979567466539834], 'len': 78.22, 'w': 3.56}
black_pads {'id': 'pad_sL_top', 'cx': 97.57, 'cy': 150.66, 'w': 6.58, 'h': 17.03, 'note': ''}
black_pads {'id': 'pad_sR_top', 'cx': 4.02, 'cy': 150.11, 'w': 7.85, 'h': 17.79, 'note': ''}
black_pads {'id': 'pad_sL_mid', 'cx': 97.37, 'cy': 77.08, 'w': 6.58, 'h': 7.62, 'note': ''}
black_pads {'id': 'pad_sR_mid', 'cx': 3.98, 'cy': 78.18, 'w': 8.1, 'h': 7.62, 'note': ''}
black_pads {'id': 'pad_sL_bot', 'cx': 97.17, 'cy': 10.24, 'w': 6.83, 'h': 26.94, 'note': ''}
black_pads {'id': 'pad_sR_bot', 'cx': 3.51, 'cy': 10.33, 'w': 7.85, 'h': 26.94, 'note': ''}
foam_rails {'id': 'foam_sL_upper', 'cx': 95.4, 'cy': 111.56, 'w': 11.39, 'h': 60.23, 'note': ''}
foam_rails {'id': 'foam_sL_lower', 'cx': 94.65, 'cy': 48.41, 'w': 11.39, 'h': 48.28, 'note': ''}
foam_rails {'id': 'foam_sR_upper', 'cx': 5.28, 'cy': 111.45, 'w': 11.9, 'h': 58.96, 'note': ''}
foam_rails {'id': 'foam_sR_lower', 'cx': 4.54, 'cy': 49.07, 'w': 11.9, 'h': 50.06, 'note': ''}
{'id': 'window', 'cx': 49.8415667136111, 'cy': 86.67189686420123, 'w': 77.1957027552285, 'h': 147.39100755503904, 'note': 'open centre; PSU visible through it; edges +-2 mm'}
{'id': 'bottom_rounded_rect', 'cx': 50.23084504938451, 'cy': 4.693329389271156, 'w': 72.13368945980368, 'h': 13.976733475046805, 'note': 'bright rounded rect, blurred (behind frame?) +-2 mm'}
